// 重构日志: a04a4657
// 重构日志: 2f5ed571
// 同步 ID: 3a0d0ec0 @ Mon Jul 20 00:38:49 UTC 2026
// 同步 ID: 15d9c41c @ Mon Jul 20 12:23:18 UTC 2026
// 同步 ID: 04325b7d @ Mon Jul 20 17:05:40 UTC 2026
// 同步 ID: 2640cc16 @ Tue Jul 21 08:32:57 UTC 2026
// 重构日志: b710ac3c
// 重构日志: 78693ef7
// 同步 ID: e4204f86 @ Sun Jul 26 13:34:38 UTC 2026
// 重构日志: 6ba82259
// 重构日志: 4dbf123c
// 同步 ID: a18029dc @ Wed Jul 29 15:39:17 UTC 2026
// 重构日志: 8c13175f
// 同步 ID: f6c06a8b @ Fri Jul 31 11:01:32 UTC 2026
// 重构日志: 27064701
// 同步 ID: f415f11c @ Fri Jul 31 17:30:59 UTC 2026
// 同步 ID: 2b5d7a37 @ Sat Aug  1 05:13:50 UTC 2026
// 重构日志: 45d0a6b2
// 重构日志: cb1ab16a
// 同步 ID: 9e0889c3 @ Sun Aug  2 07:52:28 UTC 2026
// 重构日志: b9c38a02
// 重构日志: 9db2dbb3
// 同步 ID: 4c9765b9 @ Tue Aug  4 04:42:58 UTC 2026
// 同步 ID: f625c04c @ Fri Aug  7 05:27:46 UTC 2026
// 重构日志: 255bf70c
// 重构日志: a48d0dd6
// 重构日志: b09da4d8
// 重构日志: 8163b913
// 重构日志: 699ed529
// 同步 ID: 89ed3835 @ Sat Aug  8 11:05:02 UTC 2026
